mem_addr.c:18:6:Get_Address_Current_Address	40	static
mem_addr.c:387:6:Write_Address_Data	8	static
mem_addr.c:486:6:Check_Address_Data_Address	32	static
mem_addr.c:551:6:Get_Mission_Data_Address	40	static
mem_addr.c:870:6:Print_Address_Location	8	static
mem_addr.c:906:6:Check_Flag_Data	56	static
mem_addr.c:1263:6:Print_Flag_Data	8	static
mem_addr.c:1277:6:Store_Flag_Data	8	static
mem_addr.c:1357:6:Check_CAM_Address	24	static
mem_addr.c:1404:6:Check_SPDM_Address	16	static
mem_addr.c:1434:6:Check_PACDS_Address	16	static
mem_addr.c:1468:6:Check_SAT_LOG_Address	16	static
mem_addr.c:1498:6:Check_HK_Data_Address	16	static
mem_addr.c:1535:6:FM_Data_To_PC	120	static
mem_addr.c:1602:9:Transfer_Sector_SFM_MFM	288	static
mem_addr.c:1672:6:Transfer_Bytes_SFM_MFM	280	static
mem_addr.c:1709:6:TRANSFER_DATA_COM	128	static
mem_addr.c:1800:6:ERASE_INTERNAL_FLASH	16	static
mem_addr.c:1820:19:WRITE_TO_INTERNAL_FLASH	56	dynamic
mem_addr.c:1854:6:READ_FRM_INTERNAL_FLASH	32	static
