USR_FUNCTIONS.c:15:5:buffersize	24	static
USR_FUNCTIONS.c:32:6:myprintf	32	static
USR_FUNCTIONS.c:86:10:USR_GetuTick	4	static
USR_FUNCTIONS.c:97:6:INIT_VAR	4	static
USR_FUNCTIONS.c:252:6:Setup	16	static
USR_FUNCTIONS.c:372:6:FLASH_INIT_EXECUTION	24	static
USR_FUNCTIONS.c:465:6:Refresh_WDG_STM	32	static
USR_FUNCTIONS.c:540:6:Send_Reset_Data_Flag	24	static
USR_FUNCTIONS.c:605:6:Send_ACK_Reset	16	static
USR_FUNCTIONS.c:646:9:Check_Reset_Data	32	static
USR_FUNCTIONS.c:775:19:MainToSubSys	24	static
USR_FUNCTIONS.c:897:6:ADC1_DMA_CONVERT	16	static
USR_FUNCTIONS.c:946:6:ADC2_DMA_CONVERT	16	static
USR_FUNCTIONS.c:979:6:DATA_CONVERSION	72	static
USR_FUNCTIONS.c:1114:6:MAKE_SAT_TEMPS	8	static
USR_FUNCTIONS.c:1202:6:MAKE_SAT_VOLTS	8	static
USR_FUNCTIONS.c:1336:6:Make_HK_Data	56	static
USR_FUNCTIONS.c:1431:6:Configure_Flash_Pins	8	static
USR_FUNCTIONS.c:1446:6:MAIN_FM_MODE	8	static
USR_FUNCTIONS.c:1460:6:MSN_FM_MODE	8	static
USR_FUNCTIONS.c:1474:6:MUX_DISABLE	8	static
USR_FUNCTIONS.c:1486:6:SATELLITE_OPERATION_PC	56	static
USR_FUNCTIONS.c:1550:6:SATELLITE_OPERATION_GS	56	static
USR_FUNCTIONS.c:1610:6:Make_BEACON_Data	16	static
USR_FUNCTIONS.c:1712:9:UPDATE_OPERATION_MODE	32	static
USR_FUNCTIONS.c:1885:6:CHECK_POWER_STATE	16	static
USR_FUNCTIONS.c:2092:6:RUN_ADC	64	static
