imu.c:21:5:buffersize1	24	static
imu.c:27:6:myDebug	16	static
imu.c:89:9:LIS3MDL_ReadReg	24	static
imu.c:105:6:LIS3MDL_WriteReg	16	static
imu.c:120:6:LIS3MDL_Init	24	static
imu.c:143:9:MPU_begin	24	static
imu.c:177:6:MPU_CS	16	static
imu.c:181:9:SPIx_WriteRead	32	static
imu.c:191:6:MPU_SPI_Write	16	static
imu.c:202:6:MPU_SPI_Read	24	static
imu.c:211:6:writeRegister	16	static
imu.c:217:6:readRegisters	16	static
imu.c:222:9:whoAmI	8	static
imu.c:231:6:MPU6500_SetDLPFBandwidth	16	static
imu.c:240:6:MPU_writeAccFullScaleRange	24	static
imu.c:279:6:MPU_writeGyroFullScaleRange	24	static
imu.c:314:9:MPU6500_ReadReg	24	static
imu.c:325:6:MPU6500_GetData	16	static
imu.c:343:6:MPU_calibrateGyro	32	static
imu.c:373:6:MPU_readProcessedData	16	static
imu.c:399:6:MPU_calcAttitude	16	static
imu.c:437:6:IMU_Setup	96	static
imu.c:459:6:IMU_Data	112	static
imu.c:517:6:HK_IMU	8	static
