lfs_util.h:108:24:lfs_max	16	static
lfs_util.h:112:24:lfs_min	16	static
lfs_util.h:117:24:lfs_aligndown	16	static
lfs_util.h:121:24:lfs_alignup	16	static
lfs_util.h:126:24:lfs_npw2	16	static
lfs_util.h:143:24:lfs_ctz	16	static
lfs_util.h:152:24:lfs_popc	16	static
lfs_util.h:164:19:lfs_scmp	16	static
lfs_util.h:169:24:lfs_fromle32	16	static
lfs_util.h:187:24:lfs_tole32	16	static
lfs_util.h:192:24:lfs_frombe32	16	static
lfs_util.h:210:24:lfs_tobe32	16	static
lfs_util.h:219:21:lfs_malloc	16	static
lfs_util.h:229:20:lfs_free	16	static
lfs.c:31:20:lfs_cache_drop	16	static
lfs.c:38:20:lfs_cache_zero	16	static
lfs.c:44:12:lfs_bd_read	56	static
lfs.c:127:12:lfs_bd_cmp	72	static
lfs.c:154:12:lfs_bd_crc	64	static
lfs.c:176:12:lfs_bd_flush	64	static
lfs.c:211:12:lfs_bd_sync	32	static
lfs.c:227:12:lfs_bd_prog	40	static
lfs.c:275:12:lfs_bd_erase	24	static
lfs.c:286:20:lfs_pair_swap	24	static
lfs.c:292:20:lfs_pair_isnull	16	static
lfs.c:296:19:lfs_pair_cmp	16	static
lfs.c:303:20:lfs_pair_issync	16	static
lfs.c:310:20:lfs_pair_fromle32	24	static
lfs.c:316:20:lfs_pair_tole32	24	static
lfs.c:335:20:lfs_tag_isvalid	16	static
lfs.c:339:20:lfs_tag_isdelete	16	static
lfs.c:343:24:lfs_tag_type1	16	static
lfs.c:347:24:lfs_tag_type2	16	static
lfs.c:351:24:lfs_tag_type3	16	static
lfs.c:355:23:lfs_tag_chunk	16	static
lfs.c:359:22:lfs_tag_splice	16	static
lfs.c:363:24:lfs_tag_id	16	static
lfs.c:367:26:lfs_tag_size	16	static
lfs.c:371:26:lfs_tag_dsize	16	static
lfs.c:391:20:lfs_gstate_xor	24	static
lfs.c:397:20:lfs_gstate_iszero	24	static
lfs.c:407:20:lfs_gstate_hasorphans	16	static
lfs.c:411:23:lfs_gstate_getorphans	16	static
lfs.c:415:20:lfs_gstate_hasmove	16	static
lfs.c:420:20:lfs_gstate_needssuperblock	16	static
lfs.c:424:20:lfs_gstate_hasmovehere	16	static
lfs.c:429:20:lfs_gstate_fromle32	16	static
lfs.c:436:20:lfs_gstate_tole32	16	static
lfs.c:449:13:lfs_fcrc_fromle32	16	static
lfs.c:455:13:lfs_fcrc_tole32	16	static
lfs.c:462:13:lfs_ctz_fromle32	16	static
lfs.c:468:13:lfs_ctz_tole32	16	static
lfs.c:474:20:lfs_superblock_fromle32	16	static
lfs.c:484:20:lfs_superblock_tole32	16	static
lfs.c:495:13:lfs_mlist_isopen	24	static
lfs.c:507:13:lfs_mlist_remove	24	static
lfs.c:516:13:lfs_mlist_append	16	static
lfs.c:522:17:lfs_fs_disk_version	16	static
lfs.c:534:17:lfs_fs_disk_version_major	16	static
lfs.c:539:17:lfs_fs_disk_version_minor	16	static
lfs.c:597:12:lfs_alloc_lookahead	24	static
lfs.c:613:13:lfs_alloc_ack	16	static
lfs.c:619:13:lfs_alloc_drop	16	static
lfs.c:626:12:lfs_fs_rawgc	24	static
lfs.c:646:12:lfs_alloc	32	static
lfs.c:686:19:lfs_dir_getslice	72	static
lfs.c:748:19:lfs_dir_get	40	static
lfs.c:755:12:lfs_dir_getread	56	static
lfs.c:817:12:lfs_dir_traverse_filter	40	static
lfs.c:877:12:lfs_dir_traverse	272	static
lfs.c:1072:19:lfs_dir_fetchmatch	168	static
lfs.c:1351:12:lfs_dir_fetch	40	static
lfs.c:1359:12:lfs_dir_getgstate	48	static
lfs.c:1377:12:lfs_dir_getinfo	48	static
lfs.c:1417:12:lfs_dir_find_match	72	static
lfs.c:1441:19:lfs_dir_find	88	static
lfs.c:1553:12:lfs_dir_commitprog	56	static
lfs.c:1570:12:lfs_dir_commitattr	72	static
lfs.c:1618:12:lfs_dir_commitcrc	104	static
lfs.c:1764:12:lfs_dir_alloc	48	static
lfs.c:1808:12:lfs_dir_drop	48	static
lfs.c:1829:12:lfs_dir_split	80	static
lfs.c:1864:12:lfs_dir_commit_size	32	static
lfs.c:1881:12:lfs_dir_commit_commit	32	static
lfs.c:1888:13:lfs_dir_needsrelocation	16	static
lfs.c:1901:12:lfs_dir_compact	152	static
lfs.c:2074:12:lfs_dir_splittingcompact	104	static
lfs.c:2179:12:lfs_dir_relocatingcommit	168	static
lfs.c:2350:12:lfs_dir_orphaningcommit	256	static
lfs.c:2543:12:lfs_dir_commit	32	static
lfs.c:2567:12:lfs_rawmkdir	240	static
lfs.c:2663:12:lfs_dir_rawopen	64	static
lfs.c:2707:12:lfs_dir_rawclose	16	static
lfs.c:2714:12:lfs_dir_rawread	32	static
lfs.c:2759:12:lfs_dir_rawseek	32	static
lfs.c:2796:19:lfs_dir_rawtell	16	static
lfs.c:2801:12:lfs_dir_rawrewind	24	static
lfs.c:2815:12:lfs_ctz_index	40	static
lfs.c:2828:12:lfs_ctz_find	72	static
lfs.c:2863:12:lfs_ctz_extend	80	static
lfs.c:2962:12:lfs_ctz_traverse	72	static
lfs.c:3007:12:lfs_file_rawopencfg	120	static
lfs.c:3174:12:lfs_file_rawopen	40	static
lfs.c:3182:12:lfs_file_rawclose	24	static
lfs.c:3202:12:lfs_file_relocate	64	static
lfs.c:3273:12:lfs_file_outline	24	static
lfs.c:3286:12:lfs_file_flush	136	static
lfs.c:3367:12:lfs_file_rawsync	72	static
lfs.c:3419:20:lfs_file_flushedread	80	static
lfs.c:3480:20:lfs_file_rawread	32	static
lfs.c:3499:20:lfs_file_flushedwrite	80	static
lfs.c:3587:20:lfs_file_rawwrite	48	static
lfs.c:3631:19:lfs_file_rawseek	56	static
lfs.c:3695:12:lfs_file_rawtruncate	80	static
lfs.c:3780:19:lfs_file_rawtell	16	static
lfs.c:3785:12:lfs_file_rawrewind	24	static
lfs.c:3794:19:lfs_file_rawsize	16	static
lfs.c:3808:12:lfs_rawstat	64	static
lfs.c:3819:12:lfs_rawremove	136	static
lfs.c:3898:12:lfs_rawrename	280	static
lfs.c:4033:20:lfs_rawgetattr	88	static
lfs.c:4067:12:lfs_commitattr	88	static
lfs.c:4091:12:lfs_rawsetattr	32	static
lfs.c:4102:12:lfs_rawremoveattr	32	static
lfs.c:4109:12:lfs_init	56	static
lfs.c:4237:12:lfs_deinit	16	static
lfs.c:4257:12:lfs_rawformat	136	static
lfs.c:4324:12:lfs_rawmount	144	static
lfs.c:4491:12:lfs_rawunmount	16	static
lfs.c:4497:12:lfs_fs_rawstat	88	static
lfs.c:4537:5:lfs_fs_rawtraverse	144	static
lfs.c:4645:12:lfs_fs_pred	48	static
lfs.c:4689:12:lfs_fs_parent_match	72	static
lfs.c:4710:19:lfs_fs_parent	72	static
lfs.c:4747:13:lfs_fs_prepsuperblock	16	static
lfs.c:4753:12:lfs_fs_preporphans	24	static
lfs.c:4765:13:lfs_fs_prepmove	24	static
lfs.c:4775:12:lfs_fs_desuperblock	104	static
lfs.c:4814:12:lfs_fs_demove	96	static
lfs.c:4850:12:lfs_fs_deorphan	216	static
lfs.c:4981:12:lfs_fs_forceconsistency	24	static
lfs.c:5002:12:lfs_fs_rawmkconsistent	64	static
lfs.c:5031:12:lfs_fs_size_count	24	static
lfs.c:5038:20:lfs_fs_rawsize	24	static
lfs.c:5049:12:lfs_fs_rawgrow	104	static
lfs.c:5753:5:lfs_format	24	static
lfs.c:5783:5:lfs_mount	24	static
lfs.c:5812:5:lfs_unmount	24	static
lfs.c:5827:5:lfs_remove	24	static
lfs.c:5843:5:lfs_rename	32	static
lfs.c:5858:5:lfs_stat	32	static
lfs.c:5872:13:lfs_getattr	40	static
lfs.c:5889:5:lfs_setattr	40	static
lfs.c:5907:5:lfs_removeattr	32	static
lfs.c:5923:5:lfs_file_open	32	static
lfs.c:5940:5:lfs_file_opencfg	40	static
lfs.c:5960:5:lfs_file_close	24	static
lfs.c:5978:5:lfs_file_sync	24	static
lfs.c:5994:13:lfs_file_read	32	static
lfs.c:6012:13:lfs_file_write	32	static
lfs.c:6030:12:lfs_file_seek	32	static
lfs.c:6048:5:lfs_file_truncate	32	static
lfs.c:6065:12:lfs_file_tell	24	static
lfs.c:6080:5:lfs_file_rewind	24	static
lfs.c:6094:12:lfs_file_size	24	static
lfs.c:6110:5:lfs_mkdir	24	static
lfs.c:6125:5:lfs_dir_open	32	static
lfs.c:6140:5:lfs_dir_close	24	static
lfs.c:6154:5:lfs_dir_read	32	static
lfs.c:6169:5:lfs_dir_seek	32	static
lfs.c:6184:12:lfs_dir_tell	24	static
lfs.c:6198:5:lfs_dir_rewind	24	static
lfs.c:6212:5:lfs_fs_stat	24	static
lfs.c:6226:13:lfs_fs_size	24	static
lfs.c:6240:5:lfs_fs_traverse	32	static
lfs.c:6256:5:lfs_fs_gc	24	static
lfs.c:6272:5:lfs_fs_mkconsistent	24	static
lfs.c:6288:5:lfs_fs_grow	24	static
