MT25QL.c:26:6:Read_ID	72	static
MT25QL.c:60:6:Bulk_Read	32	static
MT25QL.c:83:9:Read_Byte_4B	32	static
MT25QL.c:108:6:Bulk_Read_4B	32	static
MT25QL.c:132:6:Page_Write	32	static
MT25QL.c:174:6:Page_Write_4B	32	static
MT25QL.c:219:6:Byte_Write_4B	32	static
MT25QL.c:247:9:Sector_Erase	32	static
MT25QL.c:293:9:Sector_Erase_4B	32	static
MT25QL.c:342:6:Chip_Erase	24	static
MT25QL.c:362:9:Status_Reg	24	static
MT25QL.c:376:9:Status_Reg_Flag	24	static
MT25QL.c:389:10:Status_Reg_NonVol	24	static
MT25QL.c:403:9:Status_Reg_Volatile	24	static
MT25QL.c:416:9:Status_Reg_Enhanced	24	static
MT25QL.c:429:9:Status_Reg_Extended	24	static
MT25QL.c:442:9:Status_Reg_General	24	static
MT25QL.c:457:9:Serial_Flash_Parameter	24	static
MT25QL.c:478:6:Status_Reg_Write	24	static
MT25QL.c:488:6:Status_Reg_Write_NonVol	24	static
MT25QL.c:502:6:Status_Reg_Write_Vol	24	static
MT25QL.c:512:6:Status_Reg_Write_Enhanced	24	static
MT25QL.c:522:6:Status_Reg_Write_Extended	24	static
MT25QL.c:532:6:Status_Reg_Clear_Flag	24	static
MT25QL.c:549:10:Read_Sector_Protection	24	static
MT25QL.c:567:6:Write_Sector_Protection	24	static
MT25QL.c:587:6:Reset_Memory	24	static
MT25QL.c:597:13:Reset_Enable	24	static
MT25QL.c:604:6:Write_Enable	24	static
MT25QL.c:613:13:Write_Disable	24	static
MT25QL.c:620:13:FM_Enable	16	static
MT25QL.c:631:13:FM_Disable	16	static
MT25QL.c:651:6:MAIN_FM_MODE	8	static
MT25QL.c:667:6:MSN_FM_MODE	8	static
MT25QL.c:683:6:MUX_DISABLE	8	static
