stm32f4xx_it.c:102:6:NMI_Handler	4	static
stm32f4xx_it.c:117:6:HardFault_Handler	4	static
stm32f4xx_it.c:132:6:MemManage_Handler	4	static
stm32f4xx_it.c:147:6:BusFault_Handler	4	static
stm32f4xx_it.c:162:6:UsageFault_Handler	4	static
stm32f4xx_it.c:177:6:DebugMon_Handler	4	static
stm32f4xx_it.c:197:6:RCC_IRQHandler	4	static
stm32f4xx_it.c:210:6:DMA1_Stream0_IRQHandler	8	static
stm32f4xx_it.c:224:6:DMA1_Stream1_IRQHandler	8	static
stm32f4xx_it.c:238:6:DMA1_Stream2_IRQHandler	8	static
stm32f4xx_it.c:252:6:DMA1_Stream3_IRQHandler	8	static
stm32f4xx_it.c:266:6:DMA1_Stream4_IRQHandler	8	static
stm32f4xx_it.c:280:6:DMA1_Stream5_IRQHandler	8	static
stm32f4xx_it.c:294:6:DMA1_Stream6_IRQHandler	8	static
stm32f4xx_it.c:308:6:ADC_IRQHandler	8	static
stm32f4xx_it.c:324:6:TIM1_BRK_TIM9_IRQHandler	8	static
stm32f4xx_it.c:338:6:USART1_IRQHandler	8	static
stm32f4xx_it.c:352:6:USART2_IRQHandler	8	static
stm32f4xx_it.c:366:6:USART3_IRQHandler	8	static
stm32f4xx_it.c:380:6:DMA1_Stream7_IRQHandler	8	static
stm32f4xx_it.c:394:6:SPI3_IRQHandler	8	static
stm32f4xx_it.c:408:6:TIM6_DAC_IRQHandler	8	static
stm32f4xx_it.c:422:6:TIM7_IRQHandler	8	static
stm32f4xx_it.c:436:6:DMA2_Stream0_IRQHandler	8	static
stm32f4xx_it.c:450:6:DMA2_Stream1_IRQHandler	8	static
stm32f4xx_it.c:464:6:DMA2_Stream2_IRQHandler	8	static
stm32f4xx_it.c:478:6:DMA2_Stream3_IRQHandler	8	static
stm32f4xx_it.c:492:6:DMA2_Stream4_IRQHandler	8	static
stm32f4xx_it.c:506:6:OTG_FS_IRQHandler	8	static
stm32f4xx_it.c:520:6:DMA2_Stream5_IRQHandler	8	static
stm32f4xx_it.c:534:6:DMA2_Stream6_IRQHandler	8	static
stm32f4xx_it.c:548:6:DMA2_Stream7_IRQHandler	8	static
stm32f4xx_it.c:562:6:USART6_IRQHandler	8	static
stm32f4xx_it.c:576:6:UART7_IRQHandler	8	static
stm32f4xx_it.c:590:6:UART8_IRQHandler	8	static
stm32f4xx_it.c:604:6:SPI4_IRQHandler	8	static
stm32f4xx_it.c:618:6:SPI5_IRQHandler	8	static
